     1                                  ;可执行程序名：HelloWorld
     2                                  ;作者：kylin
     3                                  ;版本：1.0
     4                                  ;创建日期：2017/4/10
     5                                  ;最终修改日期：2017/4/10
     6                                  ;编译器：NASM version 2.11.08
     7                                  ;编译指令：nasm -f elf -g -F stabs HelloWorld.asm
     8                                  ;连接指令：ld -o HelloWorld HelloWorld.o
     9                                  
    10                                  section .data
    11 00000000 48656C6C6F20576F72-     PrintMsg:db "Hello World!",10
    12 00000009 6C64210A           
    13                                  PrintMsgLen:equ $-PrintMsg
    14                                  
    15                                  section .bss
    16                                  
    17                                  section .text
    18                                  
    19                                  global _start
    20                                  
    21                                  _start:
    22 00000000 90                          nop
    23 00000001 B804000000                  mov eax,4
    24 00000006 BB01000000                  mov ebx,1
    25 0000000B B9[00000000]                mov ecx,PrintMsg
    26 00000010 BA0D000000                  mov edx,PrintMsgLen
    27 00000015 CD80                        int 80H
    28 00000017 B801000000                  mov eax,1
    29 0000001C BB00000000                  mov ebx,0
    30 00000021 CD80                        int 80H
